Traceback (most recent call last):
  File "C:\Users\shinki\Anaconda3\lib\site-packages\jupyter_cache\executors\utils.py", line 51, in single_nb_execution
    executenb(
  File "C:\Users\shinki\Anaconda3\lib\site-packages\nbclient\client.py", line 1112, in execute
    return NotebookClient(nb=nb, resources=resources, km=km, **kwargs).execute()
  File "C:\Users\shinki\Anaconda3\lib\site-packages\nbclient\util.py", line 74, in wrapped
    return just_run(coro(*args, **kwargs))
  File "C:\Users\shinki\Anaconda3\lib\site-packages\nbclient\util.py", line 53, in just_run
    return loop.run_until_complete(coro)
  File "C:\Users\shinki\Anaconda3\lib\asyncio\base_events.py", line 642, in run_until_complete
    return future.result()
  File "C:\Users\shinki\Anaconda3\lib\site-packages\nbclient\client.py", line 553, in async_execute
    await self.async_execute_cell(
  File "C:\Users\shinki\Anaconda3\lib\site-packages\nbclient\client.py", line 857, in async_execute_cell
    self._check_raise_for_error(cell, exec_reply)
  File "C:\Users\shinki\Anaconda3\lib\site-packages\nbclient\client.py", line 760, in _check_raise_for_error
    raise CellExecutionError.from_cell_and_msg(cell, exec_reply_content)
nbclient.exceptions.CellExecutionError: An error occurred while executing the following cell:
------------------
feature_all = pd.read_pickle('feature_all.pkl') 
feature_all['target'] = np.where(feature_all['max_close']>= 1.05, 1, 0)
target = feature_all['target'].mean()
print(f'% of target:{target: 5.1%}')
------------------

[1;31m---------------------------------------------------------------------------[0m
[1;31mFileNotFoundError[0m                         Traceback (most recent call last)
[1;32m~\AppData\Local\Temp\ipykernel_18848\2104314591.py[0m in [0;36m<module>[1;34m[0m
[1;32m----> 1[1;33m [0mfeature_all[0m [1;33m=[0m [0mpd[0m[1;33m.[0m[0mread_pickle[0m[1;33m([0m[1;34m'feature_all.pkl'[0m[1;33m)[0m[1;33m[0m[1;33m[0m[0m
[0m[0;32m      2[0m [0mfeature_all[0m[1;33m[[0m[1;34m'target'[0m[1;33m][0m [1;33m=[0m [0mnp[0m[1;33m.[0m[0mwhere[0m[1;33m([0m[0mfeature_all[0m[1;33m[[0m[1;34m'max_close'[0m[1;33m][0m[1;33m>=[0m [1;36m1.05[0m[1;33m,[0m [1;36m1[0m[1;33m,[0m [1;36m0[0m[1;33m)[0m[1;33m[0m[1;33m[0m[0m
[0;32m      3[0m [0mtarget[0m [1;33m=[0m [0mfeature_all[0m[1;33m[[0m[1;34m'target'[0m[1;33m][0m[1;33m.[0m[0mmean[0m[1;33m([0m[1;33m)[0m[1;33m[0m[1;33m[0m[0m
[0;32m      4[0m [0mprint[0m[1;33m([0m[1;34mf'% of target:{target: 5.1%}'[0m[1;33m)[0m[1;33m[0m[1;33m[0m[0m

[1;32m~\Anaconda3\lib\site-packages\pandas\io\pickle.py[0m in [0;36mread_pickle[1;34m(filepath_or_buffer, compression, storage_options)[0m
[0;32m    194[0m     """
[0;32m    195[0m     [0mexcs_to_catch[0m [1;33m=[0m [1;33m([0m[0mAttributeError[0m[1;33m,[0m [0mImportError[0m[1;33m,[0m [0mModuleNotFoundError[0m[1;33m,[0m [0mTypeError[0m[1;33m)[0m[1;33m[0m[1;33m[0m[0m
[1;32m--> 196[1;33m     with get_handle(
[0m[0;32m    197[0m         [0mfilepath_or_buffer[0m[1;33m,[0m[1;33m[0m[1;33m[0m[0m
[0;32m    198[0m         [1;34m"rb"[0m[1;33m,[0m[1;33m[0m[1;33m[0m[0m

[1;32m~\Anaconda3\lib\site-packages\pandas\io\common.py[0m in [0;36mget_handle[1;34m(path_or_buf, mode, encoding, compression, memory_map, is_text, errors, storage_options)[0m
[0;32m    709[0m         [1;32melse[0m[1;33m:[0m[1;33m[0m[1;33m[0m[0m
[0;32m    710[0m             [1;31m# Binary mode[0m[1;33m[0m[1;33m[0m[0m
[1;32m--> 711[1;33m             [0mhandle[0m [1;33m=[0m [0mopen[0m[1;33m([0m[0mhandle[0m[1;33m,[0m [0mioargs[0m[1;33m.[0m[0mmode[0m[1;33m)[0m[1;33m[0m[1;33m[0m[0m
[0m[0;32m    712[0m         [0mhandles[0m[1;33m.[0m[0mappend[0m[1;33m([0m[0mhandle[0m[1;33m)[0m[1;33m[0m[1;33m[0m[0m
[0;32m    713[0m [1;33m[0m[0m

[1;31mFileNotFoundError[0m: [Errno 2] No such file or directory: 'feature_all.pkl'
FileNotFoundError: [Errno 2] No such file or directory: 'feature_all.pkl'

